// Jest Snapshot v1, https://goo.gl/fbAQLP

exports[`Prueba de <GifItem> Debe hacer match con el snapshot 1`] = `
<div>
  <div
    class="card"
  >
    <img
      alt="Pokemon"
      src="https://holamundo.com/"
    />
    <p>
      Pokemon
    </p>
  </div>
</div>
`;
